
[1m[46m RUN [49m[22m [36mv4.0.15 [39m[90mC:/Coding/CM-tara/frontend[39m

 [32mΓ£ô[39m src/__tests__/components/StatusBar.spec.js [2m([22m[2m10 tests[22m[2m)[22m[32m 204[2mms[22m[39m

[2m Test Files [22m [1m[32m1 passed[39m[22m[90m (1)[39m
[2m      Tests [22m [1m[32m10 passed[39m[22m[90m (10)[39m
[2m   Start at [22m 15:08:50
[2m   Duration [22m 5.65s[2m (transform 765ms, setup 192ms, import 1.53s, tests 204ms, environment 3.22s)[22m

