
> backend@1.0.0 test
> jest --testPathPatterns=workflowEngine.test.js --no-coverage

node.exe : FAIL __tests__/unit/workflowEngine.test.js
At line:1 char:1
+ & "C:\Program Files\nodejs/node.exe" "C:\Program Files\nodejs/node_mo ...
+ ~~~~~~~~~~~~~~~~~~~~~~~~~~~~~~~~~~~~~~~~~~~~~~~~~~~~~~~~~~~~~~~~~~~~~
    + CategoryInfo          : NotSpecified: (FAIL __tests__/...wEngine.test.js:String) [], RemoteException
    + FullyQualifiedErrorId : NativeCommandError
 
  ΓùÅ Test suite failed to run

    Cannot find module '../../../src/services/workflowEngine' from '__tests__/unit/workflowEngine.test.js'

    [0m [90m  7 |[39m
     [90m  8 |[39m [36mconst[39m db [33m=[39m require([32m'../../../src/db/connection'[39m)[33m;[39m
    [31m[1m>[22m[39m[90m  9 |[39m [36mconst[39m workflowEngine [33m=[39m require([32m'../../../src/services/workflowEngine'[39m)[33m;[39m
     [90m    |[39m                        [31m[1m^[22m[39m
     [90m 10 |[39m
     [90m 11 |[39m describe([32m'Workflow Engine'[39m[33m,[39m () [33m=>[39m {
     [90m 12 |[39m   beforeEach(() [33m=>[39m {[0m

      at Resolver._throwModNotFoundError (node_modules/jest-resolve/build/index.js:863:11)
      at Object.require (__tests__/unit/workflowEngine.test.js:9:24)

Test Suites: 1 failed, 1 total
Tests:       0 total
Snapshots:   0 total
Time:        1.087 s, estimated 2 s
Ran all test suites matching workflowEngine.test.js.
